// Jest Snapshot v1, https://goo.gl/fbAQLP

exports[`DescriptionItem Wrapper must contain <img />  1`] = `
<div
  style={
    Object {
      "color": "rgba(0,0,0,0.65)",
      "fontSize": 14,
      "lineHeight": "22px",
      "marginBottom": 7,
    }
  }
>
  <p
    style={
      Object {
        "color": "rgba(0,0,0,0.85)",
        "display": "inline-block",
        "marginRight": 8,
      }
    }
  >
    TITLE
    :
  </p>
  CONTENT
</div>
`;
